[Chronos stdout] [chronos-stage] id=start pct=2 state=begin msg=Starting your creation
[Chronos stdout] [first-light] creating a brand-new artifact from your prompt — this is a live generation, not a saved file.
[Chronos stdout] [first-light] material mode: Auto
[Chronos stdout] [chronos-stage] id=start pct=2 state=done msg=Starting your creation
[Chronos stdout] [chronos-stage] id=intent pct=5 state=begin msg=Recording what you asked for
[Chronos stdout] [chronos-stage] id=intent pct=5 state=done msg=Recording what you asked for
[Chronos stdout] [chronos-stage] id=sentinel pct=6 state=begin msg=Sentinel is reviewing your request
[Chronos stdout] [chronos-stage] id=sentinel pct=6 state=done msg=Sentinel is reviewing your request - cleared - no prohibited use found
[Chronos stdout] [chronos-decision] kind=governance id=village_protection verdict=allowed msg=The Sentinel read your request against the published prohibited-use policy on this machine and cleared it.
[Chronos stdout] [chronos-stage] id=oracle pct=8 state=skip msg=Imagining your scene with the local language model - Object mode paints its own views; the language-model scene plan is not used
[Chronos stdout] [governed-artifact] oracle: skipped — Object mode does not consume the scene sketch
[Chronos stdout] [chronos-stage] id=staging pct=18 state=begin msg=Checking and freezing the scene plan
[Chronos stdout] [object] ComfyUI ready at http://127.0.0.1:8000 (attempt 1)
[Chronos stdout] [chronos-stage] id=forge_plan pct=52 state=begin msg=Planning the geometry - Object reference for TripoSR
[Chronos stdout] [geometry-forge] requested ComfyUI VRAM free before GPU render
[Chronos stdout] [engine] building the Object-mode body with TripoSR…
[Chronos stdout] [chronos-stage] id=forge_plan pct=52 state=done msg=Planning the geometry
[Chronos stdout] [chronos-decision] kind=engine id=triposr verdict=chosen msg=TripoSR produced the Object-mode mesh from the generated reference.
[Chronos stdout] [chronos-stage] id=staging pct=18 state=done msg=Checking and freezing the scene plan
[Chronos stdout] [chronos-stage] id=materials pct=22 state=skip msg=Synthesizing the materials - Object mode paints its own reference views; PBR maps from this sketch are not used
[Chronos stdout] [object] staging the TripoSR mesh for buyer review
[Chronos stdout] [chronos-decision] kind=presentation id=triposr_showcase verdict=chosen msg=Staged the TripoSR mesh from the exact reference supplied to the engine.
[Chronos stdout] [chronos-stage] id=blender_connect pct=64 state=begin msg=Connecting to Blender
[Chronos stdout] [governed-artifact] connecting to BlenderMCP at tcp://127.0.0.1:9876
[Chronos stdout] [chronos-stage] id=blender_connect pct=64 state=done msg=Connecting to Blender
[Chronos stdout] [chronos-stage] id=render pct=68 state=begin msg=Building and rendering in Blender
[Chronos stdout] [governed-artifact] triposr_object: dispatching authorized render through the governed gate…
[Chronos stdout] [chronos-stage] id=render pct=68 state=done msg=Building and rendering in Blender
[Chronos stdout] [chronos-stage] id=redteam pct=88 state=begin msg=Governance check - proving the refusal path works
[Chronos stdout] [governed-artifact] red-team: attempting an unauthorized command (must be refused)…
[Chronos stdout] [chronos-stage] id=redteam pct=88 state=done msg=Governance check - proving the refusal path works
[Chronos stdout] [chronos-stage] id=seal pct=92 state=begin msg=Sealing the provenance record
[Chronos stdout] [chronos-stage] id=seal pct=92 state=done msg=Sealing the provenance record
[Chronos stdout] [chronos-decision] kind=guard id=subject_match verdict=chosen msg=The built object is not the shape that was drawn — it covers only 40% of the outline and 49% of what was built is not in the drawing at all.
[Chronos stdout] [object] subject match sealed -> C:\Users\m\AppData\Local\Temp\NeuroCognica\Archetypes\manifestations\024f8556-a2c9-455f-8a5e-da8982c3a06f\subject_match.json
[Chronos stdout] [chronos-stage] id=bundle pct=97 state=begin msg=Writing your artifact bundle
[Chronos stdout]
[Chronos stdout] === Undeniable Artifact Run I ===
[Chronos stdout]   bundle:            C:\Users\m\AppData\Local\Temp\NeuroCognica\Archetypes\manifestations\024f8556-a2c9-455f-8a5e-da8982c3a06f
[Chronos stdout]   render dispatched: true
[Chronos stdout]   drift blocked:     YES (CBIG)
[Chronos stdout]   chain valid:       true
[Chronos stdout]   comfy material:    applied
[Chronos stdout]   artifact png:      cc6c12eb80af66dae421fe0e892140d0448fd3c65f1eefee940bcf25a386c01e
[Chronos stdout]   events sealed:     15
[Chronos stdout] [chronos-stage] id=bundle pct=97 state=done msg=Writing your artifact bundle
[Chronos stdout] [chronos-stage] id=complete pct=100 state=done msg=Finished
[Chronos stdout] [spin] background spin job started for C:\Users\m\AppData\Local\Temp\NeuroCognica\Archetypes\manifestations\024f8556-a2c9-455f-8a5e-da8982c3a06f
[archetypes-import] topology-preserving smooth shading; vertex colour carried
[archetypes-import] generic triangle budget: 6824 -> 6824 (limit 75000); mesh_repaired=False
INFO Draco mesh compression is available, use library at C:\Program Files\Blender Foundation\Blender 4.5\4.5\scripts\addons_core\io_scene_gltf2\extern_draco.dll
10:41:34 | INFO: Starting glTF 2.0 export
10:41:34 | INFO: Extracting primitive: mesh
10:41:34 | INFO: Primitives created: 1
10:41:34 | INFO: Finished glTF 2.0 export in 0.01832127571105957 s

Blender 4.5.4 LTS (hash b3efe983cc58 built 2025-10-28 14:22:47)
OBJ import of 'mesh.obj' took 4.72 ms

Blender quit
[ManifestationSystem] Succeeded: Manifested 'sword' atop the altar!
